// 重构日志: 189fcaec
// 同步 ID: 153e472e @ Thu Jul 16 16:53:51 UTC 2026
// 同步 ID: ee0f7b13 @ Fri Jul 17 12:46:59 UTC 2026
// 同步 ID: 47110865 @ Mon Jul 20 11:15:17 UTC 2026
// 重构日志: 7bbf5a5c
// 重构日志: 6f6e7e4d
// 重构日志: 15edd16b
// 重构日志: bf4281c1
// 重构日志: 9374d59e
// 重构日志: c094a9df
// 重构日志: 91fdb7e0
// 重构日志: ba13473e
// 重构日志: beb7c808
// 同步 ID: cb5ab952 @ Thu Jul 30 07:23:14 UTC 2026
// 同步 ID: 3cd64bd9 @ Fri Jul 31 05:05:15 UTC 2026
// 重构日志: 23e61b69
// 重构日志: d56a9406
// 重构日志: c79d1328
// 重构日志: 205c9db5
// 同步 ID: d43354ac @ Sun Aug  2 12:09:31 UTC 2026
// 同步 ID: 0c2f287c @ Mon Aug  3 01:34:31 UTC 2026
// 重构日志: c19c7499
// 重构日志: 3b51898a
// 重构日志: 4f61ef60
// 重构日志: f8ecf824
// 同步 ID: 57ce9108 @ Tue Aug  4 17:48:36 UTC 2026
// 重构日志: c78973a3
// 重构日志: 0d8dd2bb
// 同步 ID: 2715693b @ Wed Aug  5 18:24:04 UTC 2026
// 同步 ID: d47261c0 @ Thu Aug  6 01:33:55 UTC 2026
